192.168.1.10 - - [15/Jan/2024:10:30:45 +0000] "GET /index.html HTTP/1.1" 200 4523 "-" "Mozilla/5.0 (Windows NT 10.0; Win64; x64) AppleWebKit/537.36"
192.168.1.15 - - [15/Jan/2024:10:30:46 +0000] "GET /css/style.css HTTP/1.1" 200 1245 "http://example.com/index.html" "Mozilla/5.0 (Windows NT 10.0; Win64; x64) AppleWebKit/537.36"
192.168.1.10 - - [15/Jan/2024:10:30:46 +0000] "GET /js/main.js HTTP/1.1" 200 8934 "http://example.com/index.html" "Mozilla/5.0 (Windows NT 10.0; Win64; x64) AppleWebKit/537.36"
192.168.1.22 - - [15/Jan/2024:10:30:47 +0000] "POST /api/login HTTP/1.1" 200 156 "http://example.com/login" "Mozilla/5.0 (Macintosh; Intel Mac OS X 10_15_7)"
192.168.1.15 - - [15/Jan/2024:10:30:47 +0000] "GET /images/logo.png HTTP/1.1" 200 12456 "http://example.com/index.html" "Mozilla/5.0 (Windows NT 10.0; Win64; x64) AppleWebKit/537.36"
192.168.1.30 - - [15/Jan/2024:10:30:48 +0000] "GET /api/products HTTP/1.1" 200 45678 "-" "curl/7.81.0"
192.168.1.10 - - [15/Jan/2024:10:30:48 +0000] "GET /favicon.ico HTTP/1.1" 200 1150 "-" "Mozilla/5.0 (Windows NT 10.0; Win64; x64) AppleWebKit/537.36"
192.168.1.45 - - [15/Jan/2024:10:30:49 +0000] "GET /products/category/electronics HTTP/1.1" 200 23456 "http://example.com/" "Mozilla/5.0 (iPhone; CPU iPhone OS 16_0)"
192.168.1.22 - - [15/Jan/2024:10:30:49 +0000] "GET /dashboard HTTP/1.1" 200 8765 "http://example.com/login" "Mozilla/5.0 (Macintosh; Intel Mac OS X 10_15_7)"
192.168.1.50 - - [15/Jan/2024:10:30:50 +0000] "GET /api/users/profile HTTP/1.1" 401 89 "-" "PostmanRuntime/7.29.0"
192.168.1.30 - - [15/Jan/2024:10:30:50 +0000] "POST /api/cart/add HTTP/1.1" 201 234 "http://example.com/products" "curl/7.81.0"
192.168.1.10 - - [15/Jan/2024:10:30:51 +0000] "GET /contact HTTP/1.1" 200 3456 "http://example.com/index.html" "Mozilla/5.0 (Windows NT 10.0; Win64; x64) AppleWebKit/537.36"
192.168.1.45 - - [15/Jan/2024:10:30:51 +0000] "GET /products/item/12345 HTTP/1.1" 200 5678 "http://example.com/products/category/electronics" "Mozilla/5.0 (iPhone; CPU iPhone OS 16_0)"
192.168.1.60 - - [15/Jan/2024:10:30:52 +0000] "GET /search?q=laptop HTTP/1.1" 200 34567 "http://example.com/" "Mozilla/5.0 (X11; Linux x86_64)"
192.168.1.22 - - [15/Jan/2024:10:30:52 +0000] "POST /api/orders HTTP/1.1" 201 567 "http://example.com/checkout" "Mozilla/5.0 (Macintosh; Intel Mac OS X 10_15_7)"
192.168.1.15 - - [15/Jan/2024:10:30:53 +0000] "GET /about HTTP/1.1" 200 2345 "http://example.com/index.html" "Mozilla/5.0 (Windows NT 10.0; Win64; x64) AppleWebKit/537.36"
192.168.1.70 - - [15/Jan/2024:10:30:53 +0000] "GET /robots.txt HTTP/1.1" 200 145 "-" "Googlebot/2.1"
192.168.1.45 - - [15/Jan/2024:10:30:54 +0000] "POST /api/cart/add HTTP/1.1" 201 234 "http://example.com/products/item/12345" "Mozilla/5.0 (iPhone; CPU iPhone OS 16_0)"
192.168.1.30 - - [15/Jan/2024:10:30:54 +0000] "GET /api/cart HTTP/1.1" 200 1234 "-" "curl/7.81.0"
192.168.1.60 - - [15/Jan/2024:10:30:55 +0000] "GET /products/item/67890 HTTP/1.1" 200 4567 "http://example.com/search?q=laptop" "Mozilla/5.0 (X11; Linux x86_64)"
192.168.1.10 - - [15/Jan/2024:10:30:55 +0000] "GET /blog HTTP/1.1" 200 12345 "http://example.com/index.html" "Mozilla/5.0 (Windows NT 10.0; Win64; x64) AppleWebKit/537.36"
192.168.1.80 - - [15/Jan/2024:10:30:56 +0000] "GET /api/health HTTP/1.1" 200 23 "-" "kube-probe/1.25"
192.168.1.22 - - [15/Jan/2024:10:30:56 +0000] "GET /orders/ORD-12345 HTTP/1.1" 200 2345 "http://example.com/dashboard" "Mozilla/5.0 (Macintosh; Intel Mac OS X 10_15_7)"
192.168.1.70 - - [15/Jan/2024:10:30:57 +0000] "GET /sitemap.xml HTTP/1.1" 200 8765 "-" "Googlebot/2.1"
192.168.1.45 - - [15/Jan/2024:10:30:57 +0000] "GET /checkout HTTP/1.1" 200 6789 "http://example.com/cart" "Mozilla/5.0 (iPhone; CPU iPhone OS 16_0)"
192.168.1.15 - - [15/Jan/2024:10:30:58 +0000] "GET /blog/post/latest-tech-news HTTP/1.1" 200 9876 "http://example.com/blog" "Mozilla/5.0 (Windows NT 10.0; Win64; x64) AppleWebKit/537.36"
192.168.1.30 - - [15/Jan/2024:10:30:58 +0000] "DELETE /api/cart/item/123 HTTP/1.1" 200 45 "-" "curl/7.81.0"
192.168.1.60 - - [15/Jan/2024:10:30:59 +0000] "POST /api/wishlist HTTP/1.1" 201 123 "http://example.com/products/item/67890" "Mozilla/5.0 (X11; Linux x86_64)"
192.168.1.80 - - [15/Jan/2024:10:30:59 +0000] "GET /metrics HTTP/1.1" 200 5678 "-" "Prometheus/2.40.0"
192.168.1.10 - - [15/Jan/2024:10:31:00 +0000] "GET /services HTTP/1.1" 200 4567 "http://example.com/index.html" "Mozilla/5.0 (Windows NT 10.0; Win64; x64) AppleWebKit/537.36"
192.168.1.45 - - [15/Jan/2024:10:31:00 +0000] "POST /api/orders HTTP/1.1" 201 678 "http://example.com/checkout" "Mozilla/5.0 (iPhone; CPU iPhone OS 16_0)"
192.168.1.90 - - [15/Jan/2024:10:31:01 +0000] "GET /admin HTTP/1.1" 403 234 "-" "Mozilla/5.0 (Windows NT 10.0; Win64; x64)"
192.168.1.22 - - [15/Jan/2024:10:31:01 +0000] "GET /api/notifications HTTP/1.1" 200 1234 "http://example.com/dashboard" "Mozilla/5.0 (Macintosh; Intel Mac OS X 10_15_7)"
192.168.1.15 - - [15/Jan/2024:10:31:02 +0000] "POST /api/comments HTTP/1.1" 201 345 "http://example.com/blog/post/latest-tech-news" "Mozilla/5.0 (Windows NT 10.0; Win64; x64) AppleWebKit/537.36"
192.168.1.70 - - [15/Jan/2024:10:31:02 +0000] "GET /products HTTP/1.1" 200 23456 "-" "Googlebot/2.1"
192.168.1.60 - - [15/Jan/2024:10:31:03 +0000] "GET /api/reviews/67890 HTTP/1.1" 200 4567 "http://example.com/products/item/67890" "Mozilla/5.0 (X11; Linux x86_64)"
192.168.1.30 - - [15/Jan/2024:10:31:03 +0000] "POST /api/checkout HTTP/1.1" 200 789 "-" "curl/7.81.0"
192.168.1.10 - - [15/Jan/2024:10:31:04 +0000] "GET /pricing HTTP/1.1" 200 3456 "http://example.com/services" "Mozilla/5.0 (Windows NT 10.0; Win64; x64) AppleWebKit/537.36"
192.168.1.45 - - [15/Jan/2024:10:31:04 +0000] "GET /orders/ORD-12346 HTTP/1.1" 200 2345 "http://example.com/checkout" "Mozilla/5.0 (iPhone; CPU iPhone OS 16_0)"
192.168.1.80 - - [15/Jan/2024:10:31:05 +0000] "GET /ready HTTP/1.1" 200 12 "-" "kube-probe/1.25"
192.168.1.90 - - [15/Jan/2024:10:31:05 +0000] "POST /api/login HTTP/1.1" 401 89 "-" "Mozilla/5.0 (Windows NT 10.0; Win64; x64)"
192.168.1.22 - - [15/Jan/2024:10:31:06 +0000] "PUT /api/users/profile HTTP/1.1" 200 456 "http://example.com/settings" "Mozilla/5.0 (Macintosh; Intel Mac OS X 10_15_7)"
192.168.1.15 - - [15/Jan/2024:10:31:06 +0000] "GET /api/posts/popular HTTP/1.1" 200 5678 "http://example.com/blog" "Mozilla/5.0 (Windows NT 10.0; Win64; x64) AppleWebKit/537.36"
192.168.1.60 - - [15/Jan/2024:10:31:07 +0000] "POST /api/reviews HTTP/1.1" 201 234 "http://example.com/products/item/67890" "Mozilla/5.0 (X11; Linux x86_64)"
192.168.1.70 - - [15/Jan/2024:10:31:07 +0000] "GET /blog/archive HTTP/1.1" 200 6789 "-" "Googlebot/2.1"
192.168.1.30 - - [15/Jan/2024:10:31:08 +0000] "GET /api/orders/ORD-98765 HTTP/1.1" 200 1234 "-" "curl/7.81.0"
192.168.1.10 - - [15/Jan/2024:10:31:08 +0000] "GET /faq HTTP/1.1" 200 7890 "http://example.com/pricing" "Mozilla/5.0 (Windows NT 10.0; Win64; x64) AppleWebKit/537.36"
192.168.1.45 - - [15/Jan/2024:10:31:09 +0000] "GET /track/ORD-12346 HTTP/1.1" 200 890 "http://example.com/orders/ORD-12346" "Mozilla/5.0 (iPhone; CPU iPhone OS 16_0)"
192.168.1.90 - - [15/Jan/2024:10:31:09 +0000] "POST /api/login HTTP/1.1" 401 89 "-" "Mozilla/5.0 (Windows NT 10.0; Win64; x64)"
192.168.1.22 - - [15/Jan/2024:10:31:10 +0000] "GET /api/orders/history HTTP/1.1" 200 4567 "http://example.com/dashboard" "Mozilla/5.0 (Macintosh; Intel Mac OS X 10_15_7)"
192.168.1.80 - - [15/Jan/2024:10:31:10 +0000] "GET /api/health HTTP/1.1" 200 23 "-" "kube-probe/1.25"
192.168.1.15 - - [15/Jan/2024:10:31:11 +0000] "GET /newsletter HTTP/1.1" 200 2345 "http://example.com/blog" "Mozilla/5.0 (Windows NT 10.0; Win64; x64) AppleWebKit/537.36"
192.168.1.60 - - [15/Jan/2024:10:31:11 +0000] "GET /compare?ids=67890,12345 HTTP/1.1" 200 5678 "http://example.com/products/item/67890" "Mozilla/5.0 (X11; Linux x86_64)"
192.168.1.30 - - [15/Jan/2024:10:31:12 +0000] "GET /api/shipping/rates HTTP/1.1" 200 567 "-" "curl/7.81.0"
192.168.1.70 - - [15/Jan/2024:10:31:12 +0000] "GET /categories HTTP/1.1" 200 3456 "-" "Googlebot/2.1"
192.168.1.10 - - [15/Jan/2024:10:31:13 +0000] "POST /api/newsletter/subscribe HTTP/1.1" 201 123 "http://example.com/newsletter" "Mozilla/5.0 (Windows NT 10.0; Win64; x64) AppleWebKit/537.36"
192.168.1.45 - - [15/Jan/2024:10:31:13 +0000] "GET /support HTTP/1.1" 200 4567 "http://example.com/" "Mozilla/5.0 (iPhone; CPU iPhone OS 16_0)"
192.168.1.90 - - [15/Jan/2024:10:31:14 +0000] "POST /api/login HTTP/1.1" 401 89 "-" "Mozilla/5.0 (Windows NT 10.0; Win64; x64)"
192.168.1.22 - - [15/Jan/2024:10:31:14 +0000] "GET /settings HTTP/1.1" 200 3456 "http://example.com/dashboard" "Mozilla/5.0 (Macintosh; Intel Mac OS X 10_15_7)"
192.168.1.15 - - [15/Jan/2024:10:31:15 +0000] "POST /api/newsletter/subscribe HTTP/1.1" 201 123 "http://example.com/newsletter" "Mozilla/5.0 (Windows NT 10.0; Win64; x64) AppleWebKit/537.36"
192.168.1.60 - - [15/Jan/2024:10:31:15 +0000] "GET /brands HTTP/1.1" 200 2345 "http://example.com/" "Mozilla/5.0 (X11; Linux x86_64)"
192.168.1.30 - - [15/Jan/2024:10:31:16 +0000] "POST /api/support/ticket HTTP/1.1" 201 456 "-" "curl/7.81.0"
192.168.1.80 - - [15/Jan/2024:10:31:16 +0000] "GET /metrics HTTP/1.1" 200 5678 "-" "Prometheus/2.40.0"
192.168.1.10 - - [15/Jan/2024:10:31:17 +0000] "GET /terms HTTP/1.1" 200 8901 "http://example.com/index.html" "Mozilla/5.0 (Windows NT 10.0; Win64; x64) AppleWebKit/537.36"
192.168.1.70 - - [15/Jan/2024:10:31:17 +0000] "GET /brands/apple HTTP/1.1" 200 4567 "-" "Googlebot/2.1"
192.168.1.45 - - [15/Jan/2024:10:31:18 +0000] "POST /api/support/ticket HTTP/1.1" 201 456 "http://example.com/support" "Mozilla/5.0 (iPhone; CPU iPhone OS 16_0)"
192.168.1.22 - - [15/Jan/2024:10:31:18 +0000] "POST /api/settings/notifications HTTP/1.1" 200 234 "http://example.com/settings" "Mozilla/5.0 (Macintosh; Intel Mac OS X 10_15_7)"
192.168.1.90 - - [15/Jan/2024:10:31:19 +0000] "POST /api/login HTTP/1.1" 401 89 "-" "Mozilla/5.0 (Windows NT 10.0; Win64; x64)"
192.168.1.15 - - [15/Jan/2024:10:31:19 +0000] "GET /blog/category/technology HTTP/1.1" 200 6789 "http://example.com/blog" "Mozilla/5.0 (Windows NT 10.0; Win64; x64) AppleWebKit/537.36"
192.168.1.60 - - [15/Jan/2024:10:31:20 +0000] "GET /deals HTTP/1.1" 200 5678 "http://example.com/" "Mozilla/5.0 (X11; Linux x86_64)"
192.168.1.30 - - [15/Jan/2024:10:31:20 +0000] "GET /api/inventory/check HTTP/1.1" 200 345 "-" "curl/7.81.0"
192.168.1.10 - - [15/Jan/2024:10:31:21 +0000] "GET /privacy HTTP/1.1" 200 7890 "http://example.com/terms" "Mozilla/5.0 (Windows NT 10.0; Win64; x64) AppleWebKit/537.36"
192.168.1.80 - - [15/Jan/2024:10:31:21 +0000] "GET /ready HTTP/1.1" 200 12 "-" "kube-probe/1.25"
192.168.1.70 - - [15/Jan/2024:10:31:22 +0000] "GET /deals HTTP/1.1" 200 5678 "-" "Googlebot/2.1"
192.168.1.45 - - [15/Jan/2024:10:31:22 +0000] "GET /return-policy HTTP/1.1" 200 3456 "http://example.com/support" "Mozilla/5.0 (iPhone; CPU iPhone OS 16_0)"
192.168.1.22 - - [15/Jan/2024:10:31:23 +0000] "GET /api/wallet/balance HTTP/1.1" 200 123 "http://example.com/dashboard" "Mozilla/5.0 (Macintosh; Intel Mac OS X 10_15_7)"
192.168.1.90 - - [15/Jan/2024:10:31:23 +0000] "POST /api/login HTTP/1.1" 401 89 "-" "Mozilla/5.0 (Windows NT 10.0; Win64; x64)"
192.168.1.15 - - [15/Jan/2024:10:31:24 +0000] "GET /blog/post/ai-future HTTP/1.1" 200 8901 "http://example.com/blog/category/technology" "Mozilla/5.0 (Windows NT 10.0; Win64; x64) AppleWebKit/537.36"
192.168.1.60 - - [15/Jan/2024:10:31:24 +0000] "GET /clearance HTTP/1.1" 200 4567 "http://example.com/deals" "Mozilla/5.0 (X11; Linux x86_64)"
192.168.1.30 - - [15/Jan/2024:10:31:25 +0000] "GET /api/recommendations HTTP/1.1" 200 2345 "-" "curl/7.81.0"
192.168.1.10 - - [15/Jan/2024:10:31:25 +0000] "GET /careers HTTP/1.1" 200 5678 "http://example.com/index.html" "Mozilla/5.0 (Windows NT 10.0; Win64; x64) AppleWebKit/537.36"
